hello
jebus
